
> it-competition-web@0.1.0 build
> next build

Ôû▓ Next.js 16.1.6 (Turbopack)
- Experiments (use with caution):
  ┬À optimizePackageImports

  Creating an optimized production build ...
Ô£ô Compiled successfully in 5.3s
  Running TypeScript ...
  Collecting page data using 11 workers ...
  Generating static pages using 11 workers (0/10) ...
  Generating static pages using 11 workers (2/10) 
  Generating static pages using 11 workers (4/10) 
  Generating static pages using 11 workers (7/10) 
Ô£ô Generating static pages using 11 workers (10/10) in 730.5ms
  Finalizing page optimization ...

Route (app)
Ôöî Ôùï /
Ôö£ Ôùï /_not-found
Ôö£ Ôùï /icon.png
Ôö£ Ôùï /kelengkapan
Ôö£ Ôùï /kompetisi/business-case
Ôö£ Ôùï /kompetisi/ui-ux
Ôö£ Ôùï /kompetisi/web-dev
Ôö£ Ôùï /robots.txt
Ôöö Ôùï /sitemap.xml


Ôùï  (Static)  prerendered as static content

